Drill report for FD-MAIN-01.kicad_pcb
Created on 2026-09-10T10:46:44

Copper Layer Stackup:
    =============================================================
    L1 :  F.Cu                      front
    L2 :  In1.Cu                    in1
    L3 :  In2.Cu                    in2
    L4 :  In3.Cu                    in3
    L5 :  In4.Cu                    in4
    L6 :  In5.Cu                    in5
    L7 :  In6.Cu                    in6
    L8 :  B.Cu                      back


Drill file 'FD-MAIN-01-PTH.drl' contains
    plated through holes:
    =============================================================
    T1  0.150mm  0.0059"  (177 holes))
    T2  0.200mm  0.0079"  (722 holes))
    T3  0.600mm  0.0236"  (8 holes)  (with 8 slots)

    Total plated holes count 907


Drill file 'FD-MAIN-01-NPTH.drl' contains
    unplated through holes:
    =============================================================
    T1  0.650mm  0.0256"  (4 holes))
    T2  0.900mm  0.0354"  (2 holes))
    T3  2.400mm  0.0945"  (4 holes))

    Total unplated holes count 10
